[necropinvest.com/index.html]
[icglobal-markets.com/wp-content/uploads/2024/05/image-removebg-preview-2024-05-02T174322.183.png]
[necropinvest.com/css/bootstrap.min.css]
[necropinvest.com/js/popper.min.js]
[necropinvest.com/js/jquery.min.js]
[necropinvest.com/js/bootstrap.min.js]
[necropinvest.com/js/wow.min.js]
[necropinvest.com/css/main.css]
[necropinvest.com/flaticon/flaticon.css]
[necropinvest.com/css/responsive.css]
[backblue.gif]
[fade.gif]
[index.html]
[necropinvest.com/css/animate.css]
[necropinvest.com/js/manifest.json]
[necropinvest.com/favicon.html]
[necropinvest.com/images/icon/apple-touch-icon.png]
[necropinvest.com/404.html]
[necropinvest.com/images/icon/apple-touch-icon-114x114.png]
[necropinvest.com/images/icon/apple-touch-icon-144x144.png]
[necropinvest.com/css/select2.min.css]
[necropinvest.com/dashboard/public/login.html]
[necropinvest.com/dashboard/public/register.html]
[necropinvest.com/index-2.html]
[necropinvest.com/about.html]
[necropinvest.com/terms.html]
[necropinvest.com/faqs.html]
[necropinvest.com/license.html]
[necropinvest.com/start_guide.html]
[necropinvest.com/contact.html]
[necropinvest.com/affiliate_program.html]
[necropinvest.com/slick/slick.css]
[necropinvest.com/slick/slick-theme.css]
[s3.tradingview.com/external-embedding/embed-widget-ticker-tape.js]
[necropinvest.com/images/icon-aroundtheclock.png]
[necropinvest.com/images/icon-short-term-trading.png]
[necropinvest.com/images/icon-active-markets.png]
[necropinvest.com/images/icon-defined-risk.png]
[s3.tradingview.com/external-embedding/embed-widget-events.js]
[necropinvest.com/images/promo-bg.jpg]
[necropinvest.com/images/8-reasons.png]
[necropinvest.com/images/t3.jpg]
[necropinvest.com/libs/img/aw4.html]
[necropinvest.com/libs/img/aw1.html]
[necropinvest.com/libs/img/aw2.html]
[necropinvest.com/slick/slick.js]
[necropinvest.com/slick/slick-animation.min.js]
[necropinvest.com/js/jquery-modal-video.min.js]
[necropinvest.com/css/modal-video.min.css]
[necropinvest.com/policy.html]
[necropinvest.com/images/5b55bb652af1a.png]
[necropinvest.com/images/1532345051h7.png]
[necropinvest.com/images/1532345115h7.png]
[www.smartsuppchat.com/loaderd41d.js]
[necropinvest.com/index.html]
[necropinvest.com/use.fontawesome.com/releases/v5.7.1/css/all.html]
[necropinvest.com/css/bootstrap.min.css]
[cdn.gtranslate.net/widgets/latest/float.js]
[necropinvest.com/images/bg-2.png]
[necropinvest.com/images/bg-1.png]
[necropinvest.com/images/loginbg.jpg]
[necropinvest.com/images/about-us.jpg]
[necropinvest.com/images/arrow.png]
[necropinvest.com/images/arrow2.png]
[necropinvest.com/images/network-bg.jpg]
[necropinvest.com/css/main.css]
[necropinvest.com/flaticon/Flaticon.woff]
[necropinvest.com/flaticon/Flaticon.ttf]
[necropinvest.com/flaticon/flaticon.css]
[necropinvest.com/css/responsive.css]
[necropinvest.com/css/animate.css]
[necropinvest.com/favicon.html]
[necropinvest.com/404.html]
[necropinvest.com/css/select2.min.css]
[necropinvest.com/dashboard/public/favicon.ico]
[necropinvest.com/dashboard/public/assets/css/appsf488f488.css]
[necropinvest.com/dashboard/public/index.html]
[necropinvest.com/dashboard/images/image-removebg-preview-2024-05-02T174322.1831720104712.png]
[necropinvest.com/dashboard/public/password/forget.html]
[necropinvest.com/dashboard/public/page/privacy-policy.html]
[necropinvest.com/dashboard/public/assets/js/app.js]
[unpkg.com/sweetalert@2.1.2/dist/sweetalert.min.js]
[necropinvest.com/dashboard/public/login.html]
[necropinvest.com/dashboard/public/assets/js/bundle.js]
[www.google.com/recaptcha/api.js]
[necropinvest.com/dashboard/public/page/terms-and-condition.html]
[necropinvest.com/dashboard/public/register.html]
[necropinvest.com/index-2.html]
[necropinvest.com/dashboard/public/mail_verification.html]
[necropinvest.com/images/logo.png]
[necropinvest.com/dashboard/public/login-2.html]
[necropinvest.com/dashboard/public/register-2.html]
[necropinvest.com/platform/platform.js]
[necropinvest.com/about.html]
[necropinvest.com/terms.html]
[necropinvest.com/faqs.html]
[necropinvest.com/images/license.jpg]
[necropinvest.com/images/aw4.png]
[necropinvest.com/images/aw1.png]
[necropinvest.com/images/aw2.png]
[necropinvest.com/license.html]
[necropinvest.com/images/step1.png]
[necropinvest.com/images/step2.png]
[necropinvest.com/images/step3.png]
[necropinvest.com/images/step4.png]
[necropinvest.com/start_guide.html]
[necropinvest.com/js/mail.js]
[necropinvest.com/contact.html]
[necropinvest.com/affiliate_program.html]
[necropinvest.com/slick/slick.css]
[necropinvest.com/slick/ajax-loader.gif]
[necropinvest.com/slick/fonts/slick.eot]
[necropinvest.com/slick/fonts/slick-.eot]
[necropinvest.com/slick/fonts/slick.woff]
[necropinvest.com/slick/fonts/slick.ttf]
[necropinvest.com/slick/fonts/slick.svg]
[necropinvest.com/slick/slick-theme.css]
[necropinvest.com/libs/img/aw4.html]
[necropinvest.com/libs/img/aw1.html]
[necropinvest.com/libs/img/aw2.html]
[necropinvest.com/css/modal-video.min.css]
[necropinvest.com/policy.html]
[necropinvest.com/widgets.bitcoin.com/widget.html]
[necropinvest.com/âhttps_/www.smartsupp.html]
[necropinvest.com/css-1.html]
[necropinvest.com/404-2.html]
[necropinvest.com/images/t2.jpg]
[necropinvest.com/images/t1.jpg]
[necropinvest.com/images/1568997483.jpg]
[necropinvest.com/dashboard/public/assets/fonts/Roboto-Light.woff2]
[necropinvest.com/dashboard/public/assets/fonts/Roboto-Lightd41dd41d.eot]
[necropinvest.com/dashboard/public/assets/fonts/Roboto-Light.woff]
[necropinvest.com/dashboard/public/assets/fonts/Roboto-Light.eot]
[necropinvest.com/dashboard/public/assets/fonts/Roboto-Light.ttf]
[necropinvest.com/dashboard/public/assets/fonts/Roboto-Regular.woff2]
[necropinvest.com/dashboard/public/assets/fonts/Roboto-Regulard41dd41d.eot]
[necropinvest.com/dashboard/public/assets/fonts/Roboto-Regular.woff]
[necropinvest.com/dashboard/public/assets/fonts/Roboto-Regular.eot]
[necropinvest.com/dashboard/public/assets/fonts/Roboto-Regular.ttf]
[necropinvest.com/dashboard/public/assets/fonts/Roboto-Medium.woff2]
[necropinvest.com/dashboard/public/assets/fonts/Roboto-Mediumd41dd41d.eot]
[necropinvest.com/dashboard/public/assets/fonts/Roboto-Medium.woff]
[necropinvest.com/dashboard/public/assets/fonts/Roboto-Medium.eot]
[necropinvest.com/dashboard/public/assets/fonts/Roboto-Medium.ttf]
[necropinvest.com/dashboard/public/assets/fonts/Roboto-Boldd41dd41d.eot]
[necropinvest.com/dashboard/public/assets/fonts/Roboto-Bold.woff2]
[necropinvest.com/dashboard/public/assets/fonts/Roboto-Bold.eot]
[necropinvest.com/dashboard/public/assets/fonts/Roboto-Bold.woff]
[necropinvest.com/dashboard/public/assets/fonts/Roboto-Bold.ttf]
[necropinvest.com/dashboard/public/assets/fonts/Nioicon533f533f.eot]
[necropinvest.com/dashboard/public/assets/fonts/Nioicon533f533f.woff]
[necropinvest.com/dashboard/public/assets/fonts/Nioicon533f533f.ttf]
[necropinvest.com/dashboard/public/assets/css/appsf488f488.css]
[necropinvest.com/dashboard/public/index.html]
[necropinvest.com/dashboard/public/password/forget.html]
[necropinvest.com/dashboard/root/index.html]
[necropinvest.com/dashboard/public/assets/fonts/Nioicon533f533f.svg]
[necropinvest.com/dashboard/public/investments.html]
[necropinvest.com/dashboard/public/assets/css/apps8a548a54.css]
[necropinvest.com/dashboard/public/page/privacy-policy.html]
[necropinvest.com/dashboard/public/session.html]
[necropinvest.com/dashboard/public/page/terms-and-condition.html]
[necropinvest.com/dashboard/public/page/contact-us.html]
[necropinvest.com/dashboard/public/mail_verification.html]
[necropinvest.com/dashboard/public/login-2.html]
[necropinvest.com/dashboard/public/register-2.html]
[necropinvest.com/“https_/www.smartsupp.html]
[necropinvest.com/translate.google.com/translate_a/elementa0d8a0d8.html]
[necropinvest.com/account/login.html]
[necropinvest.com/account/register.html]
[necropinvest.com/slick/fonts/slick.svg]
[necropinvest.com/dashboard/public/assets/fonts/Nioicon533f533f.svg]
[necropinvest.com/dashboard/dashboard/index.html]
[necropinvest.com/dashboard/root/assets/images/favicon.ico]
[necropinvest.com/dashboard/root/assets/css/bootstrap.min.css]
[necropinvest.com/dashboard/root/assets/css/fontawesome.css]
[necropinvest.com/dashboard/root/assets/css/slick.css]
[necropinvest.com/dashboard/root/assets/css/magnific-popup.css]
[necropinvest.com/dashboard/root/assets/css/swiper-bundle.min.css]
[necropinvest.com/dashboard/root/assets/css/icomoon-font.css]
[necropinvest.com/dashboard/root/assets/css/animate.css]
[client.crisp.chat/l.js]
[necropinvest.com/dashboard/root/assets/css/main.css]
[necropinvest.com/dashboard/root/assets/css/app.min.css]
[necropinvest.com/dashboard/dashboard/images/bitcoin.png]
[necropinvest.com/dashboard/root/about-us.html]
[necropinvest.com/dashboard/root/service.html]
[necropinvest.com/dashboard/root/faq.html]
[necropinvest.com/dashboard/root/contact.html]
[necropinvest.com/dashboard/root/assets/images/all-img/client.png]
[necropinvest.com/dashboard/root/assets/images/svg/star1.svg]
[necropinvest.com/dashboard/root/assets/images/svg/star2.svg]
[necropinvest.com/dashboard/root/assets/images/all-img/hand-mocup.png]
[necropinvest.com/dashboard/root/assets/images/shape/shape2.png]
[necropinvest.com/dashboard/root/assets/images/all-img/star-shape.png]
[necropinvest.com/dashboard/root/assets/images/shape/shape1.png]
[necropinvest.com/dashboard/root/assets/images/all-img/client1.png]
[necropinvest.com/dashboard/root/assets/images/all-img/client2.png]
[necropinvest.com/dashboard/root/assets/images/all-img/client3.png]
[necropinvest.com/dashboard/root/assets/images/all-img/client4.png]
[necropinvest.com/dashboard/root/assets/images/all-img/client5.png]
[necropinvest.com/dashboard/root/assets/images/all-img/icon1.png]
[necropinvest.com/dashboard/root/assets/images/svg/arrow-black-right.svg]
[necropinvest.com/dashboard/root/assets/images/all-img/icon2.png]
[necropinvest.com/dashboard/root/assets/images/all-img/icon3.png]
[necropinvest.com/dashboard/root/assets/images/all-img/icon4.png]
[necropinvest.com/dashboard/root/assets/images/all-img/mocup1.png]
[necropinvest.com/dashboard/root/assets/images/all-img/try.jpg]
[necropinvest.com/dashboard/root/assets/images/svg/check1.svg]
[necropinvest.com/dashboard/root/assets/images/all-img/mocup2.png]
[necropinvest.com/dashboard/root/assets/images/svg/download.svg]
[necropinvest.com/dashboard/root/assets/images/svg/link.svg]
[necropinvest.com/dashboard/root/assets/images/svg/lightning-bolt.svg]
[necropinvest.com/dashboard/root/assets/images/all-img/test/1.png]
[necropinvest.com/dashboard/root/assets/images/all-img/test/4.png]
[necropinvest.com/dashboard/root/assets/images/all-img/test/2.png]
[necropinvest.com/dashboard/root/assets/images/all-img/test/5.png]
[necropinvest.com/dashboard/root/assets/images/all-img/test/3.png]
[necropinvest.com/dashboard/root/assets/images/all-img/test/6.png]
[necropinvest.com/dashboard/random.html]
[necropinvest.com/dashboard/root/assets/js/jquery-3.6.0.min.js]
[necropinvest.com/dashboard/root/assets/js/bootstrap.bundle.min.js]
[necropinvest.com/dashboard/root/assets/js/menu/menu.js]
[necropinvest.com/dashboard/root/assets/js/slick.js]
[necropinvest.com/dashboard/root/assets/js/isotope.pkgd.min.js]
[necropinvest.com/dashboard/root/assets/js/jquery.magnific-popup.min.js]
[necropinvest.com/dashboard/root/assets/js/swiper-bundle.min.js]
[necropinvest.com/dashboard/root/assets/js/countdown.js]
[necropinvest.com/dashboard/root/assets/js/wow.min.js]
[necropinvest.com/dashboard/root/assets/js/app.js]
[necropinvest.com/dashboard/root/index.html]
[necropinvest.com/dashboard/public/assets/css/apps8a548a54.css]
[necropinvest.com/dashboard/public/investments.html]
[necropinvest.com/dashboard/public/page/contact-us.html]
[necropinvest.com/dashboard/assets/font-awesome-4.7.0/css/font-awesome.min.css]
[necropinvest.com/dashboard/assets/dashboard.css]
[necropinvest.com/dashboard/includes/selectable/jquery-select7.css]
[ajax.googleapis.com/ajax/libs/jquery/3.6.0/jquery.min.js]
[necropinvest.com/dashboard/includes/selectable/jquery-select7.js]
[necropinvest.com/dashboard/images/dollar-sign.svg]
[necropinvest.com/dashboard/dashboard/market.html]
[necropinvest.com/dashboard/dashboard/deposit.html]
[necropinvest.com/dashboard/dashboard/fund_transfer.html]
[necropinvest.com/dashboard/dashboard/withdrawal.html]
[necropinvest.com/dashboard/dashboard/trade-history.html]
[necropinvest.com/dashboard/dashboard/crypto.html]
[necropinvest.com/dashboard/dashboard/signal.html]
[necropinvest.com/dashboard/dashboard/kyc.html]
[necropinvest.com/dashboard/dashboard/settings.html]
[necropinvest.com/dashboard/dashboard/logout.html]
[necropinvest.com/dashboard/includes/icons/bitcoin.png]
[necropinvest.com/dashboard/includes/icons/eth.png]
[necropinvest.com/dashboard/includes/icons/tron.png]
[necropinvest.com/dashboard/includes/icons/Solana_logo.png]
[necropinvest.com/dashboard/includes/icons/lite.png]
[necropinvest.com/dashboard/includes/icons/bnb.png]
[necropinvest.com/dashboard/includes/icons/link.png]
[necropinvest.com/dashboard/includes/icons/ftt.png]
[necropinvest.com/dashboard/includes/icons/shib.png]
[necropinvest.com/dashboard/includes/icons/etc.png]
[necropinvest.com/dashboard/includes/icons/tfuel.png]
[necropinvest.com/dashboard/includes/icons/ada.png]
[necropinvest.com/dashboard/includes/icons/vet.png]
[necropinvest.com/dashboard/includes/icons/facebook.png]
[necropinvest.com/dashboard/includes/icons/boeing.png]
[necropinvest.com/dashboard/includes/icons/apple.png]
[necropinvest.com/dashboard/includes/icons/amazon.png]
[necropinvest.com/dashboard/includes/icons/microsoft.png]
[necropinvest.com/dashboard/includes/icons/netflix.png]
[necropinvest.com/dashboard/includes/icons/mircon.png]
[necropinvest.com/dashboard/includes/icons/nvidia.png]
[necropinvest.com/dashboard/includes/icons/canopy.png]
[necropinvest.com/dashboard/includes/icons/tesla.png]
[necropinvest.com/dashboard/includes/icons/twitter.png]
[necropinvest.com/dashboard/includes/icons/sberbank.png]
[necropinvest.com/dashboard/includes/icons/cronos.png]
[necropinvest.com/dashboard/includes/icons/pennymac.png]
[necropinvest.com/dashboard/includes/icons/pan.png]
[necropinvest.com/dashboard/includes/icons/bank.png]
[necropinvest.com/dashboard/includes/icons/intel.png]
[necropinvest.com/dashboard/includes/icons/reliance.png]
[necropinvest.com/dashboard/includes/icons/electronic.png]
[necropinvest.com/dashboard/includes/icons/samsung.png]
[necropinvest.com/dashboard/includes/icons/shopify.png]
[necropinvest.com/dashboard/includes/icons/paypal.png]
[necropinvest.com/dashboard/includes/icons/gbpusd.png]
[necropinvest.com/dashboard/includes/icons/euraud.png]
[necropinvest.com/dashboard/includes/icons/eurchf.png]
[necropinvest.com/dashboard/includes/icons/eurgbp.png]
[necropinvest.com/dashboard/includes/icons/gbpcad.png]
[necropinvest.com/dashboard/includes/icons/nzdusd.png]
[necropinvest.com/dashboard/includes/icons/eurusd.png]
[necropinvest.com/dashboard/includes/icons/cadjpym.png]
[necropinvest.com/dashboard/includes/icons/gbpaud.png]
[necropinvest.com/dashboard/includes/icons/usdtry.png]
[necropinvest.com/dashboard/includes/icons/usdthb.png]
[necropinvest.com/dashboard/includes/icons/usdrub.png]
[necropinvest.com/dashboard/includes/icons/xauusd.png]
[necropinvest.com/dashboard/images/loader.svg]
[necropinvest.com/dashboard/dashboard/index5325.html]
[necropinvest.com/dashboard/dashboard/indexee4c.html]
[necropinvest.com/dashboard/dashboard/withdrawal_info.html]
[necropinvest.com/dashboard/random2.html]
[necropinvest.com/dashboard/public/register2a73.html]
[necropinvest.com/dashboard/assets/dashboard.js]
[necropinvest.com/dashboard/database/trade_script.html]
[necropinvest.com/dashboard/dashboard/index.html]
[necropinvest.com/dashboard/root/assets/css/bootstrap.min.css]
[necropinvest.com/dashboard/root/assets/fonts/fa-brands-400.eot]
[necropinvest.com/dashboard/root/assets/fonts/fa-brands-400.woff2]
[necropinvest.com/dashboard/root/assets/fonts/fa-brands-400d41d.eot]
[necropinvest.com/dashboard/root/assets/fonts/fa-brands-400.woff]
[necropinvest.com/dashboard/root/assets/fonts/fa-brands-400.ttf]
[necropinvest.com/dashboard/root/assets/fonts/fa-regular-400.eot]
[necropinvest.com/dashboard/root/assets/fonts/fa-regular-400d41d.eot]
[necropinvest.com/dashboard/root/assets/fonts/fa-regular-400.woff2]
[necropinvest.com/dashboard/root/assets/fonts/fa-regular-400.woff]
[necropinvest.com/dashboard/root/assets/fonts/fa-regular-400.ttf]
[necropinvest.com/dashboard/root/assets/fonts/fa-regular-400.svg]
[necropinvest.com/dashboard/root/assets/fonts/fa-solid-900.woff2]
[necropinvest.com/dashboard/root/assets/fonts/fa-brands-400.svg]
[necropinvest.com/dashboard/root/assets/fonts/fa-solid-900.eot]
[necropinvest.com/dashboard/root/assets/fonts/fa-solid-900.woff]
[necropinvest.com/dashboard/root/assets/fonts/fa-solid-900d41d.eot]
[necropinvest.com/dashboard/root/assets/css/fontawesome.css]
[necropinvest.com/dashboard/root/assets/css/slick.css]
[necropinvest.com/dashboard/root/assets/css/magnific-popup.css]
[necropinvest.com/dashboard/root/assets/css/swiper-bundle.min.css]
[necropinvest.com/dashboard/root/assets/fonts/fa-solid-900.ttf]
[necropinvest.com/dashboard/root/assets/fonts/icomoon3ed6.eot]
[necropinvest.com/dashboard/root/assets/fonts/icomoon3ed6.ttf]
[necropinvest.com/dashboard/root/assets/fonts/icomoon3ed6.woff]
[necropinvest.com/dashboard/root/assets/fonts/fa-solid-900.svg]
[necropinvest.com/dashboard/root/assets/css/icomoon-font.css]
[necropinvest.com/dashboard/root/assets/css/animate.css]
[necropinvest.com/dashboard/root/assets/css/main.css]
[necropinvest.com/dashboard/root/assets/fonts/icomoon3ed6.svg]
[necropinvest.com/dashboard/root/assets/images/all-img/v3/line.png]
[necropinvest.com/dashboard/root/assets/images/all-img/service/circle-bg.png]
[necropinvest.com/dashboard/root/assets/images/svg2/arrow-left.svg]
[necropinvest.com/dashboard/root/assets/images/svg2/arrow-right.svg]
[necropinvest.com/dashboard/root/assets/css/app.min.css]
[necropinvest.com/dashboard/root/assets/images/shape/shape7.png]
[necropinvest.com/dashboard/root/assets/images/shape/shape8.png]
[necropinvest.com/dashboard/root/assets/images/all-img/about/about-thumb1.png]
[necropinvest.com/dashboard/root/assets/images/all-img/about/about-thumb2.png]
[necropinvest.com/dashboard/root/assets/images/all-img/about/icon1.png]
[necropinvest.com/dashboard/root/assets/images/all-img/about/icon2.png]
[necropinvest.com/dashboard/root/assets/images/all-img/about/icon3.png]
[necropinvest.com/dashboard/root/assets/images/all-img/about/video-thumb-1.png]
[necropinvest.com/dashboard/root/assets/images/all-img/about/trustpilot.png]
[necropinvest.com/dashboard/root/assets/images/all-img/about/team/1.png]
[necropinvest.com/dashboard/root/assets/images/all-img/about/team/2.png]
[necropinvest.com/dashboard/root/assets/images/all-img/about/team/3.png]
[necropinvest.com/dashboard/root/assets/images/all-img/about/team/4.png]
[necropinvest.com/dashboard/root/assets/images/all-img/about/client1.png]
[necropinvest.com/dashboard/root/assets/images/all-img/about/client2.png]
[necropinvest.com/dashboard/root/assets/images/all-img/about/client3.png]
[necropinvest.com/dashboard/root/assets/images/all-img/about/client4.png]
[necropinvest.com/dashboard/root/assets/images/all-img/about/client5.png]
[necropinvest.com/dashboard/root/assets/images/all-img/about/client6.png]
[necropinvest.com/dashboard/root/assets/images/all-img/about/client7.png]
[necropinvest.com/dashboard/root/assets/images/all-img/about/client8.png]
[necropinvest.com/dashboard/root/assets/images/all-img/about/client9.png]
[necropinvest.com/dashboard/root/assets/images/all-img/about/client10.png]
[necropinvest.com/dashboard/root/about-us.html]
[necropinvest.com/dashboard/root/assets/images/all-img/service/thumb.png]
[necropinvest.com/dashboard/root/assets/images/all-img/icon5.png]
[necropinvest.com/dashboard/root/assets/images/all-img/icon6.png]
[necropinvest.com/dashboard/root/service.html]
[necropinvest.com/dashboard/root/faq.html]
[necropinvest.com/dashboard/root/assets/images/all-img/contact/icon1.png]
[necropinvest.com/dashboard/root/assets/images/all-img/contact/icon2.png]
[necropinvest.com/dashboard/root/assets/images/all-img/contact/icon3.png]
[necropinvest.com/dashboard/root/assets/images/social/call.svg]
[necropinvest.com/dashboard/root/assets/images/social/email.svg]
[necropinvest.com/dashboard/root/assets/images/social/map.svg]
[necropinvest.com/dashboard/root/contact.html]
[necropinvest.com/dashboard/root/assets/images/svg/star1.svg]
[necropinvest.com/dashboard/root/assets/images/svg/star2.svg]
[necropinvest.com/dashboard/root/assets/images/svg/arrow-black-right.svg]
[necropinvest.com/dashboard/root/assets/images/svg/check1.svg]
[necropinvest.com/dashboard/root/assets/images/svg/download.svg]
[necropinvest.com/dashboard/root/assets/images/svg/link.svg]
[necropinvest.com/dashboard/root/assets/images/svg/lightning-bolt.svg]
[necropinvest.com/dashboard/root/s.html]
[necropinvest.com/dashboard/root/GET.html]
[necropinvest.com/dashboard/random.html]
[necropinvest.com/dashboard/images/$logo_img.html]
[necropinvest.com/dashboard/assets/font-awesome-4.7.0/fonts/fontawesome-webfontd41d.eot]
[necropinvest.com/dashboard/assets/font-awesome-4.7.0/fonts/fontawesome-webfont3e6e.woff2]
[necropinvest.com/dashboard/assets/font-awesome-4.7.0/fonts/fontawesome-webfont3e6e.woff]
[necropinvest.com/dashboard/assets/font-awesome-4.7.0/fonts/fontawesome-webfont3e6e.eot]
[necropinvest.com/dashboard/assets/font-awesome-4.7.0/css/font-awesome.min.css]
[necropinvest.com/dashboard/assets/dashboard.css]
[necropinvest.com/dashboard/includes/selectable/jquery-select7.css]
[necropinvest.com/dashboard/images/index.html]
[necropinvest.com/dashboard/images/dollar-sign.svg]
[necropinvest.com/dashboard/dashboard/market5325.html]
[necropinvest.com/dashboard/dashboard/marketee4c.html]
[necropinvest.com/dashboard/assets/font-awesome-4.7.0/fonts/fontawesome-webfont3e6e.svg]
[s3.tradingview.com/external-embedding/embed-widget-screener.js]
[necropinvest.com/dashboard/dashboard/market.html]
[s3.tradingview.com/external-embedding/embed-widget-forex-cross-rates.js]
[necropinvest.com/dashboard/assets/font-awesome-4.7.0/fonts/fontawesome-webfont3e6e.ttf]
[necropinvest.com/dashboard/dashboard/deposit5325.html]
[necropinvest.com/dashboard/images/qrcode.jpg]
[necropinvest.com/dashboard/dashboard/deposit.html]
[necropinvest.com/dashboard/dashboard/depositee4c.html]
[necropinvest.com/dashboard/dashboard/fund_transfer5325.html]
[necropinvest.com/dashboard/dashboard/fund_transfer.html]
[necropinvest.com/dashboard/dashboard/fund_transferee4c.html]
[necropinvest.com/dashboard/dashboard/withdrawal5325.html]
[necropinvest.com/dashboard/dashboard/images/gcash.png]
[necropinvest.com/dashboard/dashboard/images/paymaya.png]
[necropinvest.com/dashboard/dashboard/withdrawalee4c.html]
[necropinvest.com/dashboard/dashboard/images/bank.png]
[necropinvest.com/dashboard/dashboard/images/binance.png]
[necropinvest.com/dashboard/dashboard/images/cashapp.png]
[necropinvest.com/dashboard/dashboard/withdrawal.html]
[necropinvest.com/dashboard/dashboard/trade-history5325.html]
[necropinvest.com/dashboard/dashboard/trade-historyee4c.html]
[cdn.datatables.net/1.10.9/css/jquery.dataTables.min.css]
[cdn.datatables.net/buttons/1.0.3/css/buttons.dataTables.min.css]
[code.jquery.com/jquery-1.11.3.min.js]
[cdn.datatables.net/1.10.9/js/jquery.dataTables.min.js]
[cdn.datatables.net/buttons/1.0.3/js/dataTables.buttons.min.js]
[cdn.datatables.net/buttons/1.0.3/js/buttons.print.min.js]
[necropinvest.com/dashboard/dashboard/trade-history.html]
[cdn.datatables.net/select/1.0.1/js/dataTables.select.min.js]
[necropinvest.com/dashboard/dashboard/cryptoee4c.html]
[necropinvest.com/dashboard/database/package_script.html]
[necropinvest.com/dashboard/dashboard/crypto.html]
[necropinvest.com/dashboard/dashboard/signal5325.html]
[necropinvest.com/dashboard/dashboard/signalee4c.html]
[necropinvest.com/dashboard/database/signal_script.html]
[necropinvest.com/dashboard/dashboard/signal.html]
[necropinvest.com/dashboard/dashboard/kyc5325.html]
[necropinvest.com/dashboard/dashboard/kycee4c.html]
[necropinvest.com/dashboard/dashboard/kyc.html]
[necropinvest.com/dashboard/dashboard/kyc-form.html]
[necropinvest.com/dashboard/dashboard/settings5325.html]
[necropinvest.com/dashboard/dashboard/settingsee4c.html]
[necropinvest.com/dashboard/dashboard/change_avatar.html]
[necropinvest.com/dashboard/dashboard/settings.html]
[necropinvest.com/dashboard/dashboard/logout.html]
[necropinvest.com/dashboard/images/loader.svg]
[necropinvest.com/dashboard/dashboard/index5325.html]
[necropinvest.com/dashboard/dashboard/indexee4c.html]
[necropinvest.com/dashboard/dashboard/change_password.html]
[necropinvest.com/dashboard/dashboard/withdrawal_info5325.html]
[necropinvest.com/dashboard/dashboard/withdrawal_info.html]
[necropinvest.com/dashboard/dashboard/GET.html]
[necropinvest.com/dashboard/dashboard/withdrawal_infoee4c.html]
[necropinvest.com/dashboard/test3.html]
[necropinvest.com/dashboard/random2.html]
[necropinvest.com/dashboard/public/register2a73.html]
[necropinvest.com/dashboard/dashboard/POST.html]
[necropinvest.com/dashboard/database/trade_script.html]
[necropinvest.com/dashboard/root/assets/fonts/fa-brands-400.svg]
[necropinvest.com/dashboard/root/assets/fonts/fa-regular-400.svg]
[necropinvest.com/dashboard/root/assets/fonts/fa-solid-900.svg]
[necropinvest.com/dashboard/root/assets/fonts/icomoon3ed6.svg]
[necropinvest.com/dashboard/root/assets/images/svg2/arrow-left.svg]
[necropinvest.com/dashboard/root/assets/images/svg2/arrow-right.svg]
[necropinvest.com/dashboard/root/assets/images/logo/2.html]
[necropinvest.com/dashboard/root/assets/images/social/call.svg]
[necropinvest.com/dashboard/root/assets/images/social/email.svg]
[necropinvest.com/dashboard/root/assets/images/social/map.svg]
[necropinvest.com/images/bitcoin_icon.html]
[necropinvest.com/dashboard/assets/font-awesome-4.7.0/fonts/fontawesome-webfont3e6e.svg]
[necropinvest.com/dashboard/dashboard/market5325.html]
[necropinvest.com/dashboard/dashboard/marketee4c.html]
[necropinvest.com/dashboard/dashboard/deposit5325.html]
[necropinvest.com/dashboard/dashboard/depositee4c.html]
[necropinvest.com/dashboard/dashboard/fund_transfer5325.html]
[necropinvest.com/dashboard/dashboard/fund_transferee4c.html]
[necropinvest.com/dashboard/dashboard/withdrawal5325.html]
[necropinvest.com/dashboard/dashboard/withdrawalee4c.html]
[necropinvest.com/dashboard/dashboard/trade-history5325.html]
[necropinvest.com/dashboard/dashboard/trade-historyee4c.html]
[cdn.datatables.net/1.10.9/images/sort_both.png]
[cdn.datatables.net/1.10.9/images/sort_asc.png]
[cdn.datatables.net/1.10.9/images/sort_desc.png]
[cdn.datatables.net/1.10.9/images/sort_asc_disabled.png]
[cdn.datatables.net/1.10.9/images/sort_desc_disabled.png]
[cdn.datatables.net/1.10.9/css/jquery.dataTables.min.css]
[cdn.datatables.net/buttons/1.0.3/css/buttons.dataTables.min.css]
[necropinvest.com/dashboard/dashboard/cryptoee4c.html]
[necropinvest.com/dashboard/database/package_script.html]
[necropinvest.com/dashboard/dashboard/signal5325.html]
[necropinvest.com/dashboard/dashboard/signalee4c.html]
[necropinvest.com/dashboard/database/signal_script.html]
[necropinvest.com/dashboard/dashboard/kyc5325.html]
[necropinvest.com/dashboard/dashboard/kycee4c.html]
[necropinvest.com/dashboard/dashboard/crypto5325]
[necropinvest.com/dashboard/dashboard/kyc-form5325.html]
[necropinvest.com/dashboard/dashboard/kyc-form.html]
[necropinvest.com/dashboard/dashboard/settings5325.html]
[necropinvest.com/dashboard/dashboard/settingsee4c.html]
[necropinvest.com/dashboard/dashboard/kyc-formee4c.html]
[necropinvest.com/dashboard/dashboard/change_avatar5325.html]
[necropinvest.com/dashboard/dashboard/change_avatar.html]
[necropinvest.com/dashboard/dashboard/change_avataree4c.html]
[necropinvest.com/dashboard/dashboard/change_password5325.html]
[necropinvest.com/dashboard/dashboard/change_password.html]
[necropinvest.com/dashboard/dashboard/withdrawal_info5325.html]
[necropinvest.com/dashboard/dashboard/withdrawal_infoee4c.html]
[necropinvest.com/dashboard/GET.html]
[necropinvest.com/dashboard/test3.html]
[necropinvest.com/dashboard/dashboard/crypto5325]
[necropinvest.com/dashboard/dashboard/kyc-form5325.html]
[necropinvest.com/dashboard/dashboard/kyc-formee4c.html]
[necropinvest.com/dashboard/dashboard/change_avatar5325.html]
[necropinvest.com/dashboard/dashboard/change_avataree4c.html]
[necropinvest.com/dashboard/dashboard/change_password5325.html]
[necropinvest.com/dashboard/dashboard/change_passwordee4c.html]
[necropinvest.com/dashboard/dashboard/change_passwordee4c.html]
